error: This type of operands are not supported in this operation
error: Type mismatch in 2 operands
